// Jest Snapshot v1, https://goo.gl/fbAQLP

exports[`<Pictures /> should render the correct structure 1`] = `
<Grid
  areColumnsCentered={false}
  id={null}
  isStackable={false}
>
  <GridColumn
    verticalAlignContent="top"
    width={12}
  >
    <Heading
      className={null}
      hasMargin={true}
      isColorInverted={false}
      size="medium"
      textAlign={null}
    >
      Property pictures
    </Heading>
  </GridColumn>
  <GridRow
    horizontalAlignContent="left"
  >
    <GridColumn
      computer={4}
      data-testid="pictures-thumbnail_0"
      key="https://li3.cdbcdn.com/oh/522a12d9-ab51-4635-94c1-42536f286e4d.jpg0"
      mobile={6}
      onClick={[Function]}
      tablet={4}
      verticalAlignContent="top"
      width={null}
    >
      <ShowOn
        computer={true}
        mobile={false}
        parent="div"
        parentProps={Object {}}
        tablet={true}
        widescreen={true}
      >
        <Thumbnail
          className="gallery-thumbnail"
          hasMargin={false}
          hasRoundedCorners={false}
          imageUrl="https://li3.cdbcdn.com/oh/522a12d9-ab51-4635-94c1-42536f286e4d.jpg"
          imageUrlAlternativeText="Two cats"
          isCircular={false}
          isSquare={false}
          label="Two cats"
          size="huge"
        />
      </ShowOn>
      <ShowOn
        computer={false}
        mobile={true}
        parent="div"
        parentProps={Object {}}
        tablet={false}
        widescreen={false}
      >
        <Thumbnail
          className="gallery-thumbnail"
          hasMargin={false}
          hasRoundedCorners={true}
          imageUrl="https://li3.cdbcdn.com/oh/522a12d9-ab51-4635-94c1-42536f286e4d.jpg"
          imageUrlAlternativeText="Two cats"
          isCircular={false}
          isSquare={false}
          label="Two cats"
          size="small"
        />
      </ShowOn>
      <Divider
        className=""
        hasLine={false}
        size="medium"
      />
    </GridColumn>
    <GridColumn
      computer={4}
      data-testid="pictures-thumbnail_1"
      key="https://li3.cdbcdn.com/oh/522a12d9-ab51-4635-94c1-42536f286e4d.jpg1"
      mobile={6}
      onClick={[Function]}
      tablet={4}
      verticalAlignContent="top"
      width={null}
    >
      <ShowOn
        computer={true}
        mobile={false}
        parent="div"
        parentProps={Object {}}
        tablet={true}
        widescreen={true}
      >
        <Thumbnail
          className="gallery-thumbnail"
          hasMargin={false}
          hasRoundedCorners={false}
          imageUrl="https://li3.cdbcdn.com/oh/522a12d9-ab51-4635-94c1-42536f286e4d.jpg"
          imageUrlAlternativeText="Two more cats"
          isCircular={false}
          isSquare={false}
          label="Two more cats"
          size="huge"
        />
      </ShowOn>
      <ShowOn
        computer={false}
        mobile={true}
        parent="div"
        parentProps={Object {}}
        tablet={false}
        widescreen={false}
      >
        <Thumbnail
          className="gallery-thumbnail"
          hasMargin={false}
          hasRoundedCorners={true}
          imageUrl="https://li3.cdbcdn.com/oh/522a12d9-ab51-4635-94c1-42536f286e4d.jpg"
          imageUrlAlternativeText="Two more cats"
          isCircular={false}
          isSquare={false}
          label="Two more cats"
          size="small"
        />
      </ShowOn>
      <Divider
        className=""
        hasLine={false}
        size="medium"
      />
    </GridColumn>
    <GridColumn
      computer={4}
      data-testid="pictures-thumbnail_2"
      key="https://li3.cdbcdn.com/oh/522a12d9-ab51-4635-94c1-42536f286e4d.jpg2"
      mobile={6}
      onClick={[Function]}
      tablet={4}
      verticalAlignContent="top"
      width={null}
    >
      <ShowOn
        computer={true}
        mobile={false}
        parent="div"
        parentProps={Object {}}
        tablet={true}
        widescreen={true}
      >
        <Thumbnail
          className="gallery-thumbnail"
          hasMargin={false}
          hasRoundedCorners={false}
          imageUrl="https://li3.cdbcdn.com/oh/522a12d9-ab51-4635-94c1-42536f286e4d.jpg"
          imageUrlAlternativeText="Much cats"
          isCircular={false}
          isSquare={false}
          label="Much cats"
          size="huge"
        />
      </ShowOn>
      <ShowOn
        computer={false}
        mobile={true}
        parent="div"
        parentProps={Object {}}
        tablet={false}
        widescreen={false}
      >
        <Thumbnail
          className="gallery-thumbnail"
          hasMargin={false}
          hasRoundedCorners={true}
          imageUrl="https://li3.cdbcdn.com/oh/522a12d9-ab51-4635-94c1-42536f286e4d.jpg"
          imageUrlAlternativeText="Much cats"
          isCircular={false}
          isSquare={false}
          label="Much cats"
          size="small"
        />
      </ShowOn>
      <Divider
        className=""
        hasLine={false}
        size="medium"
      />
    </GridColumn>
    <GridColumn
      computer={4}
      data-testid="pictures-thumbnail_3"
      key="https://li3.cdbcdn.com/oh/522a12d9-ab51-4635-94c1-42536f286e4d.jpg3"
      mobile={6}
      onClick={[Function]}
      tablet={4}
      verticalAlignContent="top"
      width={null}
    >
      <ShowOn
        computer={true}
        mobile={false}
        parent="div"
        parentProps={Object {}}
        tablet={true}
        widescreen={true}
      >
        <Thumbnail
          className="gallery-thumbnail"
          hasMargin={false}
          hasRoundedCorners={false}
          imageUrl="https://li3.cdbcdn.com/oh/522a12d9-ab51-4635-94c1-42536f286e4d.jpg"
          imageUrlAlternativeText="Two cats"
          isCircular={false}
          isSquare={false}
          label="Two cats"
          size="huge"
        />
      </ShowOn>
      <ShowOn
        computer={false}
        mobile={true}
        parent="div"
        parentProps={Object {}}
        tablet={false}
        widescreen={false}
      >
        <Thumbnail
          className="gallery-thumbnail"
          hasMargin={false}
          hasRoundedCorners={true}
          imageUrl="https://li3.cdbcdn.com/oh/522a12d9-ab51-4635-94c1-42536f286e4d.jpg"
          imageUrlAlternativeText="Two cats"
          isCircular={false}
          isSquare={false}
          label="Two cats"
          size="small"
        />
      </ShowOn>
      <Divider
        className=""
        hasLine={false}
        size="medium"
      />
    </GridColumn>
    <GridColumn
      computer={4}
      data-testid="pictures-thumbnail_4"
      key="https://li3.cdbcdn.com/oh/522a12d9-ab51-4635-94c1-42536f286e4d.jpg4"
      mobile={6}
      onClick={[Function]}
      tablet={4}
      verticalAlignContent="top"
      width={null}
    >
      <ShowOn
        computer={true}
        mobile={false}
        parent="div"
        parentProps={Object {}}
        tablet={true}
        widescreen={true}
      >
        <Thumbnail
          className="gallery-thumbnail"
          hasMargin={false}
          hasRoundedCorners={false}
          imageUrl="https://li3.cdbcdn.com/oh/522a12d9-ab51-4635-94c1-42536f286e4d.jpg"
          imageUrlAlternativeText="Two more cats"
          isCircular={false}
          isSquare={false}
          label="Two more cats"
          size="huge"
        />
      </ShowOn>
      <ShowOn
        computer={false}
        mobile={true}
        parent="div"
        parentProps={Object {}}
        tablet={false}
        widescreen={false}
      >
        <Thumbnail
          className="gallery-thumbnail"
          hasMargin={false}
          hasRoundedCorners={true}
          imageUrl="https://li3.cdbcdn.com/oh/522a12d9-ab51-4635-94c1-42536f286e4d.jpg"
          imageUrlAlternativeText="Two more cats"
          isCircular={false}
          isSquare={false}
          label="Two more cats"
          size="small"
        />
      </ShowOn>
      <Divider
        className=""
        hasLine={false}
        size="medium"
      />
    </GridColumn>
    <GridColumn
      computer={4}
      data-testid="pictures-thumbnail_5"
      key="https://li3.cdbcdn.com/oh/522a12d9-ab51-4635-94c1-42536f286e4d.jpg5"
      mobile={6}
      onClick={[Function]}
      tablet={4}
      verticalAlignContent="top"
      width={null}
    >
      <ShowOn
        computer={true}
        mobile={false}
        parent="div"
        parentProps={Object {}}
        tablet={true}
        widescreen={true}
      >
        <Thumbnail
          className="gallery-thumbnail"
          hasMargin={false}
          hasRoundedCorners={false}
          imageUrl="https://li3.cdbcdn.com/oh/522a12d9-ab51-4635-94c1-42536f286e4d.jpg"
          imageUrlAlternativeText="Much cats"
          isCircular={false}
          isSquare={false}
          label="Much cats"
          size="huge"
        />
      </ShowOn>
      <ShowOn
        computer={false}
        mobile={true}
        parent="div"
        parentProps={Object {}}
        tablet={false}
        widescreen={false}
      >
        <Thumbnail
          className="gallery-thumbnail"
          hasMargin={false}
          hasRoundedCorners={true}
          imageUrl="https://li3.cdbcdn.com/oh/522a12d9-ab51-4635-94c1-42536f286e4d.jpg"
          imageUrlAlternativeText="Much cats"
          isCircular={false}
          isSquare={false}
          label="Much cats"
          size="small"
        />
      </ShowOn>
      <Divider
        className=""
        hasLine={false}
        size="medium"
      />
    </GridColumn>
  </GridRow>
  <GridColumn
    verticalAlignContent="top"
    width={12}
  >
    <Gallery
      data-testid="pictures-gallery"
      images={
        Array [
          Object {
            "descriptionText": "Two cats",
            "url": "https://li3.cdbcdn.com/oh/522a12d9-ab51-4635-94c1-42536f286e4d.jpg",
          },
          Object {
            "descriptionText": "Two more cats",
            "url": "https://li3.cdbcdn.com/oh/522a12d9-ab51-4635-94c1-42536f286e4d.jpg",
          },
          Object {
            "descriptionText": "Much cats",
            "url": "https://li3.cdbcdn.com/oh/522a12d9-ab51-4635-94c1-42536f286e4d.jpg",
          },
          Object {
            "descriptionText": "Two cats",
            "url": "https://li3.cdbcdn.com/oh/522a12d9-ab51-4635-94c1-42536f286e4d.jpg",
          },
          Object {
            "descriptionText": "Two more cats",
            "url": "https://li3.cdbcdn.com/oh/522a12d9-ab51-4635-94c1-42536f286e4d.jpg",
          },
          Object {
            "descriptionText": "Much cats",
            "url": "https://li3.cdbcdn.com/oh/522a12d9-ab51-4635-94c1-42536f286e4d.jpg",
          },
          Object {
            "descriptionText": "Two cats",
            "url": "https://li3.cdbcdn.com/oh/522a12d9-ab51-4635-94c1-42536f286e4d.jpg",
          },
          Object {
            "descriptionText": "Two more cats",
            "url": "https://li3.cdbcdn.com/oh/522a12d9-ab51-4635-94c1-42536f286e4d.jpg",
          },
          Object {
            "descriptionText": "Much cats",
            "url": "https://li3.cdbcdn.com/oh/522a12d9-ab51-4635-94c1-42536f286e4d.jpg",
          },
        ]
      }
      isOpen={false}
      onClick={[Function]}
      onClose={[Function]}
      startIndex={2}
      trigger={
        <Link
          data-testid="pictures-triggerLink"
          href={null}
          isFluid={false}
          isPositionedRight={false}
          onClick={[Function]}
          willOpenInNewTab={false}
        >
          Explore all pictures
        </Link>
      }
    />
  </GridColumn>
</Grid>
`;
