// Jest Snapshot v1, https://goo.gl/fbAQLP

exports[`<FeaturedRoomType /> if \`props.isShowingPlaceholder\` is \`true\` should render the right structure 1`] = `
<Card
  className="has-featured"
  href="/"
  target="_self"
>
  <BlockPlaceholder
    isFluid={false}
    isRectangular={true}
    isSquare={false}
  />
  <CardContent>
    <CardHeader>
      <Divider
        className=""
        hasLine={false}
        size="small"
      />
      <TextPlaceholder
        isFluid={true}
        length="medium"
      />
      <TextPlaceholder
        isFluid={true}
        length="long"
      />
      <TextPlaceholder
        isFluid={true}
        length="long"
      />
    </CardHeader>
  </CardContent>
</Card>
`;

exports[`<FeaturedRoomType /> should render the right structure 1`] = `
<Card
  className="has-featured"
  href="/"
  target="_self"
>
  <withLazyLoad(ResponsiveImage)
    alternativeText="this alt tag"
    imageUrl="🐱🐱"
    isFluid={true}
    isLazyLoaded={false}
  />
  <CardContent>
    <CardHeader>
      <Heading
        className={null}
        isColorInverted={false}
        size="medium"
        textAlign={null}
      >
        The Cat House
      </Heading>
    </CardHeader>
    <CardDescription>
      Catania
    </CardDescription>
    <CardDescription>
      🙆‍♂️: 3 | 🛏: 3
    </CardDescription>
    <CardDescription>
      <span>
        from 
        <Heading
          className={null}
          isColorInverted={false}
          size="medium"
          textAlign={null}
        >
          $280
        </Heading>
        /night
      </span>
    </CardDescription>
  </CardContent>
</Card>
`;
