// Jest Snapshot v1, https://goo.gl/fbAQLP

exports[`<ShowOnDesktop /> it should render the right structure 1`] = `
<ShowOnDesktop
  parent="section"
  parentProps={
    Object {
      "className": "you shall pass",
    }
  }
>
  <section
    className="you shall pass show-on-desktop"
  >
    div
  </section>
</ShowOnDesktop>
`;
