// Jest Snapshot v1, https://goo.gl/fbAQLP

exports[`getCardsPlaceholderMarkup should render the right structure 1`] = `
Array [
  <Card
    fluid={true}
    key="first"
  >
    <div
      className="ui fluid card"
      onClick={[Function]}
    >
      <CardContent>
        <div
          className="content"
        >
          <Divider
            className=""
            hasLine={false}
            size="medium"
          >
            <Divider
              className=""
              hidden={true}
              section={false}
            >
              <div
                className="ui hidden divider"
              />
            </Divider>
          </Divider>
          <TextPlaceholder
            isFluid={true}
            length="short"
          >
            <div
              className="placeholder text short fluid"
            />
          </TextPlaceholder>
          <Divider
            className=""
            hasLine={false}
            size="medium"
          >
            <Divider
              className=""
              hidden={true}
              section={false}
            >
              <div
                className="ui hidden divider"
              />
            </Divider>
          </Divider>
          <TextPlaceholder
            isFluid={true}
            length="medium"
          >
            <div
              className="placeholder text medium fluid"
            />
          </TextPlaceholder>
          <TextPlaceholder
            isFluid={true}
            length="medium"
          >
            <div
              className="placeholder text medium fluid"
            />
          </TextPlaceholder>
          <TextPlaceholder
            isFluid={true}
            length="medium"
          >
            <div
              className="placeholder text medium fluid"
            />
          </TextPlaceholder>
          <Divider
            className=""
            hasLine={false}
            size="huge"
          >
            <Divider
              className="is-size-huge"
              hidden={true}
              section={false}
            >
              <div
                className="ui hidden divider is-size-huge"
              />
            </Divider>
          </Divider>
          <TextPlaceholder
            isFluid={true}
            length="full"
          >
            <div
              className="placeholder text full fluid"
            />
          </TextPlaceholder>
          <Divider
            className=""
            hasLine={false}
            size="medium"
          >
            <Divider
              className=""
              hidden={true}
              section={false}
            >
              <div
                className="ui hidden divider"
              />
            </Divider>
          </Divider>
          <TextPlaceholder
            isFluid={true}
            length="full"
          >
            <div
              className="placeholder text full fluid"
            />
          </TextPlaceholder>
          <Divider
            className=""
            hasLine={false}
            size="medium"
          >
            <Divider
              className=""
              hidden={true}
              section={false}
            >
              <div
                className="ui hidden divider"
              />
            </Divider>
          </Divider>
          <TextPlaceholder
            isFluid={true}
            length="full"
          >
            <div
              className="placeholder text full fluid"
            />
          </TextPlaceholder>
          <Divider
            className=""
            hasLine={false}
            size="medium"
          >
            <Divider
              className=""
              hidden={true}
              section={false}
            >
              <div
                className="ui hidden divider"
              />
            </Divider>
          </Divider>
        </div>
      </CardContent>
    </div>
  </Card>,
  <Card
    fluid={true}
    key="second"
  >
    <div
      className="ui fluid card"
      onClick={[Function]}
    >
      <CardContent>
        <div
          className="content"
        >
          <Divider
            className=""
            hasLine={false}
            size="medium"
          >
            <Divider
              className=""
              hidden={true}
              section={false}
            >
              <div
                className="ui hidden divider"
              />
            </Divider>
          </Divider>
          <TextPlaceholder
            isFluid={true}
            length="short"
          >
            <div
              className="placeholder text short fluid"
            />
          </TextPlaceholder>
          <Divider
            className=""
            hasLine={false}
            size="medium"
          >
            <Divider
              className=""
              hidden={true}
              section={false}
            >
              <div
                className="ui hidden divider"
              />
            </Divider>
          </Divider>
          <TextPlaceholder
            isFluid={true}
            length="medium"
          >
            <div
              className="placeholder text medium fluid"
            />
          </TextPlaceholder>
          <TextPlaceholder
            isFluid={true}
            length="medium"
          >
            <div
              className="placeholder text medium fluid"
            />
          </TextPlaceholder>
          <TextPlaceholder
            isFluid={true}
            length="medium"
          >
            <div
              className="placeholder text medium fluid"
            />
          </TextPlaceholder>
          <Divider
            className=""
            hasLine={false}
            size="huge"
          >
            <Divider
              className="is-size-huge"
              hidden={true}
              section={false}
            >
              <div
                className="ui hidden divider is-size-huge"
              />
            </Divider>
          </Divider>
          <TextPlaceholder
            isFluid={true}
            length="full"
          >
            <div
              className="placeholder text full fluid"
            />
          </TextPlaceholder>
          <Divider
            className=""
            hasLine={false}
            size="medium"
          >
            <Divider
              className=""
              hidden={true}
              section={false}
            >
              <div
                className="ui hidden divider"
              />
            </Divider>
          </Divider>
          <TextPlaceholder
            isFluid={true}
            length="full"
          >
            <div
              className="placeholder text full fluid"
            />
          </TextPlaceholder>
          <Divider
            className=""
            hasLine={false}
            size="medium"
          >
            <Divider
              className=""
              hidden={true}
              section={false}
            >
              <div
                className="ui hidden divider"
              />
            </Divider>
          </Divider>
          <TextPlaceholder
            isFluid={true}
            length="full"
          >
            <div
              className="placeholder text full fluid"
            />
          </TextPlaceholder>
          <Divider
            className=""
            hasLine={false}
            size="medium"
          >
            <Divider
              className=""
              hidden={true}
              section={false}
            >
              <div
                className="ui hidden divider"
              />
            </Divider>
          </Divider>
        </div>
      </CardContent>
    </div>
  </Card>,
  <Card
    fluid={true}
    key="third"
  >
    <div
      className="ui fluid card"
      onClick={[Function]}
    >
      <CardContent>
        <div
          className="content"
        >
          <Divider
            className=""
            hasLine={false}
            size="medium"
          >
            <Divider
              className=""
              hidden={true}
              section={false}
            >
              <div
                className="ui hidden divider"
              />
            </Divider>
          </Divider>
          <TextPlaceholder
            isFluid={true}
            length="short"
          >
            <div
              className="placeholder text short fluid"
            />
          </TextPlaceholder>
          <Divider
            className=""
            hasLine={false}
            size="medium"
          >
            <Divider
              className=""
              hidden={true}
              section={false}
            >
              <div
                className="ui hidden divider"
              />
            </Divider>
          </Divider>
          <TextPlaceholder
            isFluid={true}
            length="medium"
          >
            <div
              className="placeholder text medium fluid"
            />
          </TextPlaceholder>
          <TextPlaceholder
            isFluid={true}
            length="medium"
          >
            <div
              className="placeholder text medium fluid"
            />
          </TextPlaceholder>
          <TextPlaceholder
            isFluid={true}
            length="medium"
          >
            <div
              className="placeholder text medium fluid"
            />
          </TextPlaceholder>
          <Divider
            className=""
            hasLine={false}
            size="huge"
          >
            <Divider
              className="is-size-huge"
              hidden={true}
              section={false}
            >
              <div
                className="ui hidden divider is-size-huge"
              />
            </Divider>
          </Divider>
          <TextPlaceholder
            isFluid={true}
            length="full"
          >
            <div
              className="placeholder text full fluid"
            />
          </TextPlaceholder>
          <Divider
            className=""
            hasLine={false}
            size="medium"
          >
            <Divider
              className=""
              hidden={true}
              section={false}
            >
              <div
                className="ui hidden divider"
              />
            </Divider>
          </Divider>
          <TextPlaceholder
            isFluid={true}
            length="full"
          >
            <div
              className="placeholder text full fluid"
            />
          </TextPlaceholder>
          <Divider
            className=""
            hasLine={false}
            size="medium"
          >
            <Divider
              className=""
              hidden={true}
              section={false}
            >
              <div
                className="ui hidden divider"
              />
            </Divider>
          </Divider>
          <TextPlaceholder
            isFluid={true}
            length="full"
          >
            <div
              className="placeholder text full fluid"
            />
          </TextPlaceholder>
          <Divider
            className=""
            hasLine={false}
            size="medium"
          >
            <Divider
              className=""
              hidden={true}
              section={false}
            >
              <div
                className="ui hidden divider"
              />
            </Divider>
          </Divider>
        </div>
      </CardContent>
    </div>
  </Card>,
]
`;
